// Jest Snapshot v1, https://goo.gl/fbAQLP

exports[`GA4R Components render 1`] = `""`;
